// Jest Snapshot v1, https://goo.gl/fbAQLP

exports[`Test argv setting Test individual options reject setting of no threshold 1`] = `"Set threshold can be either duration and unit or date"`;
